PASS expanding-two-binomials: 60 independent problems and every worked line/final checked at six values
PASS Teacher notes are stripped even without an authored answer policy
PASS Separate practice destinations; two internal pathways; modal preserves state
PASS End unlock, complete answer key, full working and question search
PASS JSON preserves policy/notes/width/unknown fields; publication excludes teacher note
PASS Desktop/tablet/mobile exercise and hub reflow without horizontal clipping
PASS Projector may show answers without student release
PASS Teacher/hidden answers absent from exported bytes, including open JSON editor
PASS 28 independent questions in one pathway; scaffold spans exercise width
PASS Advanced is displayed only when authored and stays optional
PASS Existing parts editor plus semantic presentation/group controls edit the selected question
PASS Mixed families preserve authored order, multipart is half-width and extended working spans both hub columns
PASS Missing authored artwork leaves a clean text layout, with no generated substitute
PASS Actual native 200% zoom: usable answer hub
PASS expanding-binomial-trinomial: 60 independent problems and every worked line/final checked at six values
PASS Teacher notes are stripped even without an authored answer policy
PASS Separate practice destinations; two internal pathways; modal preserves state
PASS End unlock, complete answer key, full working and question search
PASS JSON preserves policy/notes/width/unknown fields; publication excludes teacher note
PASS Desktop/tablet/mobile exercise and hub reflow without horizontal clipping
PASS Projector may show answers without student release
PASS Teacher/hidden answers absent from exported bytes, including open JSON editor
PASS Existing parts editor plus semantic presentation/group controls edit the selected question
PASS Mixed families preserve authored order, multipart is half-width and extended working spans both hub columns
PASS Missing authored artwork leaves a clean text layout, with no generated substitute
PASS Actual native 200% zoom: usable answer hub
PASS Zero page errors
