PASS JSON import Factorising quadratics
PASS neutral shared player at desktop
PASS missing video omitted for learner
PASS one complete example per authored activity
PASS question precedes working, no empty parallel column
PASS activity navigation resets reading position and focuses heading
PASS paper has no digital response surfaces
PASS next crosses skills
PASS explicit end state
PASS revisit from end
PASS JSON import Factorising quadratics
PASS neutral shared player at tablet
PASS missing video omitted for learner
PASS one complete example per authored activity
PASS question precedes working, no empty parallel column
PASS activity navigation resets reading position and focuses heading
PASS paper has no digital response surfaces
PASS next crosses skills
PASS explicit end state
PASS revisit from end
PASS JSON import Reading a source critically
PASS shared explanation qualitative
PASS JSON import Reading motion data
PASS shared explanation physics
PASS JSON import Factorising quadratics
PASS cosmetic theme cannot change capabilities or policy
PASS Present content click cannot skip activities
PASS Present uses the same activity navigation
PASS invalid component rejected before import
PASS JSON import Factorising quadratics
PASS three skills from JSON
PASS JSON import Factorising quadratics
PASS phone has no document horizontal overflow
PASS JSON import Factorising quadratics
PASS typed workbook
PASS typed responses survive navigation
PASS table row responses remain distinct
PASS expanded workbook can return to questions
PASS JSON import Factorising quadratics
PASS typed → paper load resets policy
PASS JSON import Factorising quadratics
PASS pen workbook
PASS pen stroke state survives navigation
PASS JSON import Factorising quadratics
PASS pen → paper load resets policy
PASS JSON import Factorising quadratics
PASS UI add / edit / reorder
PASS UI skill reorder
PASS preview shares renderer
PASS JSON export/reimport preserves all authored content and identities
PASS independent published learner entry
PASS published HTML preserves authored content and identities
PASS published controls absent
PASS JSON import Factorising quadratics
PASS longest example has no raw notation markers
PASS longest example has no raw notation markers
PASS JSON import Factorising quadratics
PASS safe video URL normalized (playback blocked deliberately)
PASS new activity lesson starts in graphical editor
PASS new lesson has stable id and paper default
PASS no browser errors: 
61 assertions passed
