PASS expanding-two-binomials one skill and its supplied teacher video
PASS expanding-two-binomials 18 independent problems: 4 Basic + 2 Moderate per archetype; every answer independently checked
PASS Single-skill Overview avoids redundant skill furniture
PASS Learner rail shows core destinations only
PASS Worked collection has one clickable destination
PASS Introduction reached from Outcomes
PASS Real video destination is retained
PASS Video surface is authored
PASS Core Worked examples rail stays highlighted 1
PASS Core Worked examples rail stays highlighted 2
PASS Core Worked examples rail stays highlighted 3
PASS Six actual questions displayed for archetype 1
PASS Paper practice has no fake answer workspace
PASS Answers initially concealed
PASS Basic answers deliberately revealed as one group
PASS Six actual questions displayed for archetype 2
PASS Paper practice has no fake answer workspace
PASS Answers initially concealed
PASS Basic answers deliberately revealed as one group
PASS Six actual questions displayed for archetype 3
PASS Paper practice has no fake answer workspace
PASS Answers initially concealed
PASS Basic answers deliberately revealed as one group
PASS Completion after all practice archetypes
PASS Authored completion image uses existing image rendering
PASS Practice this example follows stable example identity
PASS Practice tab keyboard ownership blocks background activity navigation
PASS Authoring collection members remain visible/editable
PASS Graphical archetype reassignment, reorder and add/remove preserve identity and metadata
PASS Graphical edit, duplicate and level move survive JSON export/reopen with unknown metadata
PASS Edited independent learner publication preserves exact data
PASS Published practice no horizontal overflow 1536
PASS Practice ending reachable above footer 1536
PASS Published practice no horizontal overflow 1024
PASS Practice ending reachable above footer 1024
PASS Published practice no horizontal overflow 390
PASS Practice ending reachable above footer 390
PASS Authored scaffold worked answer deliberately revealed inside its answer group
PASS Forward entry restarts Practice; completion returns to the last activity
PASS Invalid links, missing publication answers and malformed completion images rejected
PASS Completion image upload retains authored alt
PASS Unavailable completion image blocks export with existing import guidance
PASS Existing typed response survives internal practice tabs
PASS Present retains internal examples and core-only navigation
PASS Single-skill simplification does not silently apply to other subjects
PASS Original multi-skill Mathematics remains supported
PASS Single-skill rail stays concise without front matter
PASS Completion image retained without front matter
PASS expanding-two-binomials native 100% zoom
PASS Full native zoom surface captured
PASS Native zoom answers reachable without horizontal overflow
PASS expanding-two-binomials native 200% zoom
PASS Full native zoom surface captured
PASS Native zoom answers reachable without horizontal overflow
PASS expanding-binomial-trinomial one skill and its supplied teacher video
PASS expanding-binomial-trinomial 18 independent problems: 4 Basic + 2 Moderate per archetype; every answer independently checked
PASS Single-skill Overview avoids redundant skill furniture
PASS Learner rail shows core destinations only
PASS Worked collection has one clickable destination
PASS Introduction reached from Outcomes
PASS Real video destination is retained
PASS Video surface is authored
PASS Core Worked examples rail stays highlighted 1
PASS Core Worked examples rail stays highlighted 2
PASS Core Worked examples rail stays highlighted 3
PASS Six actual questions displayed for archetype 1
PASS Paper practice has no fake answer workspace
PASS Answers initially concealed
PASS Basic answers deliberately revealed as one group
PASS Six actual questions displayed for archetype 2
PASS Paper practice has no fake answer workspace
PASS Answers initially concealed
PASS Basic answers deliberately revealed as one group
PASS Six actual questions displayed for archetype 3
PASS Paper practice has no fake answer workspace
PASS Answers initially concealed
PASS Basic answers deliberately revealed as one group
PASS Completion after all practice archetypes
PASS Authored completion image uses existing image rendering
PASS Practice this example follows stable example identity
PASS Practice tab keyboard ownership blocks background activity navigation
PASS Authoring collection members remain visible/editable
PASS Graphical archetype reassignment, reorder and add/remove preserve identity and metadata
PASS Graphical edit, duplicate and level move survive JSON export/reopen with unknown metadata
PASS Edited independent learner publication preserves exact data
PASS Published practice no horizontal overflow 1536
PASS Practice ending reachable above footer 1536
PASS Published practice no horizontal overflow 1024
PASS Practice ending reachable above footer 1024
PASS Published practice no horizontal overflow 390
PASS Practice ending reachable above footer 390
PASS Authored scaffold worked answer deliberately revealed inside its answer group
PASS Forward entry restarts Practice; completion returns to the last activity
PASS Invalid links, missing publication answers and malformed completion images rejected
PASS Completion image upload retains authored alt
PASS Unavailable completion image blocks export with existing import guidance
PASS Existing typed response survives internal practice tabs
PASS Present retains internal examples and core-only navigation
PASS Single-skill simplification does not silently apply to other subjects
PASS Original multi-skill Mathematics remains supported
PASS Single-skill rail stays concise without front matter
PASS Completion image retained without front matter
PASS expanding-binomial-trinomial native 100% zoom
PASS Full native zoom surface captured
PASS Native zoom answers reachable without horizontal overflow
PASS expanding-binomial-trinomial native 200% zoom
PASS Full native zoom surface captured
PASS Native zoom answers reachable without horizontal overflow
PASS Zero page errors
