PASS expanding-two-binomials: 63 independent problems and every worked line/final checked at six values
PASS Teacher notes are stripped even without an authored answer policy
PASS Separate practice destinations; two internal pathways; modal preserves state
PASS Completion restores most recent practice/pathway; explicit All practice and unique question selection
PASS JSON preserves policy/notes/width/unknown fields; publication excludes teacher note
PASS Desktop/tablet/mobile exercise and hub reflow without horizontal clipping
PASS Odd scaffold family fills final row; short parts stack on tablet and long subparts remain vertical
PASS Projector may show answers without student release
PASS Teacher/hidden answers absent from exported bytes, including open JSON editor
PASS 28 independent questions in one pathway; scaffold spans exercise width
PASS Advanced is displayed only when authored and stays optional
PASS Existing parts editor plus semantic presentation/group controls edit the selected question
PASS Mixed families preserve authored order, orphan multipart spans the full row and extended working spans both hub columns
PASS Missing authored artwork leaves a clean text layout, with no generated substitute
PASS All three media roles and completion hero verified with labelled sample only; approved artwork acceptance remains pending
PASS Actual native 200% zoom: usable answer hub
PASS expanding-binomial-trinomial: 63 independent problems and every worked line/final checked at six values
PASS Teacher notes are stripped even without an authored answer policy
PASS Separate practice destinations; two internal pathways; modal preserves state
PASS Completion restores most recent practice/pathway; explicit All practice and unique question selection
PASS JSON preserves policy/notes/width/unknown fields; publication excludes teacher note
PASS Desktop/tablet/mobile exercise and hub reflow without horizontal clipping
PASS Odd scaffold family fills final row; short parts stack on tablet and long subparts remain vertical
PASS Projector may show answers without student release
PASS Teacher/hidden answers absent from exported bytes, including open JSON editor
PASS Existing parts editor plus semantic presentation/group controls edit the selected question
PASS Mixed families preserve authored order, orphan multipart spans the full row and extended working spans both hub columns
PASS Missing authored artwork leaves a clean text layout, with no generated substitute
PASS All three media roles and completion hero verified with labelled sample only; approved artwork acceptance remains pending
PASS Actual native 200% zoom: usable answer hub
PASS Zero page errors
